// Jest Snapshot v1, https://goo.gl/fbAQLP

exports[`SidebarFooter should match snapshot 1`] = `<div class="md-sidebar__footer"></div>`;
