// Jest Snapshot v1, https://goo.gl/fbAQLP

exports[`TabPane should match snapshot 1`] = `
<div class="md-tab__pane">
  <div class="md-tab__content"></div>
</div>
`;
