// Jest Snapshot v1, https://goo.gl/fbAQLP

exports[`Tab should match snapshot 1`] = `<li tabindex="-1" class="md-tab__item"><a role="tab" href="javascript:void(0)" tabindex="-1">test</a></li>`;
