// Jest Snapshot v1, https://goo.gl/fbAQLP

exports[`SidebarHeader should match snapshot 1`] = `<div class="md-sidebar__header"></div>`;
