// Jest Snapshot v1, https://goo.gl/fbAQLP

exports[`AccordionHeader should match snapshot 1`] = `<div role="button" tabindex="0" class="md-accordion__header"> <span class="md-accordion__header-icon"></span></div>`;
