// Jest Snapshot v1, https://goo.gl/fbAQLP

exports[`AccordionContent should match snapshot 1`] = `<div class="md-accordion__content"></div>`;
